<?xml version="1.0" encoding="UTF-8"?><testsuites time="5.749"><testsuite name="contracs visual tests" tests="4" failures="0" errors="0" time="5.749" timestamp="2016-04-22T12:16:26.814Z" package=".\sievo.contracts.test"><testcase name="No changes found for screenshot C:/Development/Tarmo/SievoWeb/Sievo.Ppm.AcceptanceTests/VisualRegression/screenshots\contracts-main-wrapper_0.png" classname=".\sievo.contracts.test" time="4.793"/><testcase name="No changes found for screenshot C:/Development/Tarmo/SievoWeb/Sievo.Ppm.AcceptanceTests/VisualRegression/screenshots\contracts #content_1.png" classname=".\sievo.contracts.test" time="0.384"/><testcase name="No changes found for screenshot C:/Development/Tarmo/SievoWeb/Sievo.Ppm.AcceptanceTests/VisualRegression/screenshots\contracts editContractController_2.png" classname=".\sievo.contracts.test" time="0.343"/><testcase name="No changes found for screenshot C:/Development/Tarmo/SievoWeb/Sievo.Ppm.AcceptanceTests/VisualRegression/screenshots\contracts transferOwnership_3.png" classname=".\sievo.contracts.test" time="0.229"/><system-out><![CDATA[]]></system-out></testsuite></testsuites>